==== TopazModem v0.6 ====
WdfDriverCreate: 00000000
WdfDeviceCreate: 00000000
armed: booting the modem

  ==== Wi-Fi P1: modem (MPSS) PAS boot ====
  map: SMEM FFFFB178DD400000 APCS FFFFA1809EC5C000 GICD FFFFA1809EC5D000
  smmu: sCR0 00210406 (CLIENTPD 0 USFCFG 1) ID0 4c017e32 ID1 50000030 ID2 00005111: 50 SMRs, 48 CBs, page 1000 x64
   SMR0 800000c0 (sid c0 mask 0) S2CR 00000000 type 0 cb 0
    CB0: CBAR 0001f000 CBA2R 00000001 SCTLR 000000e0 TCR 00000000 TCR2 00024060
        TTBR0 0000000000000000 MAIR 00000000 00000000 FSR 00000400 FAR 0001ff3ffffb89ff
   SMR1 800000a0 (sid a0 mask 0) S2CR 00000000 type 0 cb 0
    CB0: CBAR 0001f000 CBA2R 00000001 SCTLR 000000e0 TCR 00000000 TCR2 00024060
        TTBR0 0000000000000000 MAIR 00000000 00000000 FSR 00000400 FAR 0001ff3ffffb89ff
   SMR2 80000120 (sid 120 mask 0) S2CR 00000001 type 0 cb 1
    CB1: CBAR 0001f000 CBA2R 00000001 SCTLR 000000e0 TCR 00000000 TCR2 40000065
        TTBR0 0000000000000000 MAIR 00000000 00000000 FSR 00000400 FAR 00003da3fb7cf9ff
   SMR3 80000100 (sid 100 mask 0) S2CR 00000002 type 0 cb 2
    CB2: CBAR 0001f000 CBA2R 00000001 SCTLR 000000e0 TCR 00000000 TCR2 40030073
        TTBR0 0000000000000000 MAIR 00000000 00000000 FSR 00000400 FAR 00007f8b9fff7061
   SMR4 80020420 (sid 420 mask 2) S2CR 00000003 type 0 cb 3
    CB3: CBAR 0001f000 CBA2R 00000001 SCTLR 000000e0 TCR 00000000 TCR2 0001c063
        TTBR0 0000000000000000 MAIR 00000000 00000000 FSR 00000400 FAR 0000b3f6fdfadfff
  smmu: WLAN stream 1a0: no match, USFCFG=1 -> FAULT
  SMEM version 12, apps<->modem partition FFFFB178DD4DD000
  call available: init=1 mem=1 auth=1 is_sup=1
  modem.mdt: 0, 9100 bytes
  phdrs=31 hash=1 region 4ab00000..51400000 relocate=1
  hash from modem.b01: 0, 8056 of 8056 bytes
  PAS init_image: ret=0 res=0 resumes=30 (meta 9100 bytes @efffd000)
  PAS mem_setup: ret=0 res=0
  segments loaded
  PAS auth_and_reset: ret=0 res=0 resumes=218 (0/0 = TZ verified and started the modem)
  SMEM version 12, ptable ok
  apps<->modem partition: FFFFB178DD4DD000
  map TCSR mutex: FFFFA1809FB6D000
  created apps->modem item 428: FFFFB178DD4E1070
  apps->modem (428): magic 504d5324 v1 feat 01 pid 0->1 entries 0/16
  t=0.00s modem wdog SPI pending=0
  t=0.25s modem SMP2P item appeared (340 bytes)
  t=0.25s SMP2P negotiated, features 01
  t=0.25s slave-kernel=00000006 READY handover
  ---- P2: GLINK/QRTR ----
  \image\wlanmdsp.mbn: 3814776 bytes, crc32 a4fd8c71
  glink desc FFFFB178DD4DD030 (modem made it) tx FFFFB178DD4DD060
  t=0.000 modem RX FIFO FFFFB178DD4E1370, 16384 bytes
  t=0.000 glink VERSION 1 features 7
  t=0.000 glink VERSION_ACK 1 features 1
  t=0.000 glink modem OPEN "glink_ssr" rcid 1
  t=0.000 glink modem OPEN "IPCRTR" rcid 2
  t=0.000 glink modem OPEN "SSM_RTR_MODEM_APPS" rcid 3
  t=0.000 glink OPEN_ACK lcid 1
  t=0.000 glink modem INTENT x1 (chan 2), have 1
  t=0.000 glink modem INTENT x1 (chan 2), have 2
  t=0.000 glink modem INTENT x1 (chan 2), have 3
  t=0.000 IPCRTR open both ways, 8 intents sent
  t=0.000 sent qrtr HELLO to node ffffffff
  t=0.000 qrtr v1 HELLO from node 0
  t=0.000 sent qrtr HELLO to node 0
  announced pd-mapper 0x40, tftp 0x1000, rmtfs 0x0E
  pd-mapper: "tms/pdr_enabled" -> 1 domain(s)
  rmtfs: open /boot/modem_fs1 -> ok
  pd-mapper: "tms/pddump_disabled" -> 0 domain(s)
  t=0.005 qrtr type 6 from 0:fffffffe: 0 a 0 0
  rmtfs: open /boot/modem_fs2 -> ok
  t=0.008 qrtr type 6 from 0:fffffffe: 0 b 0 0
  SCM assign efd00000+300000 -> 3 vmids: ret=0 res=0
  rmtfs: alloc 300000 for caller 1 -> efd00000
  t=0.016 qrtr type 6 from 0:fffffffe: 0 d 0 0
  t=0.018 qrtr type 6 from 0:fffffffe: 0 e 0 0
  t=0.018 qrtr type 6 from 0:fffffffe: 0 f 0 0
  t=0.029 qrtr type 6 from 0:fffffffe: 0 10 0 0
  t=0.190 qrtr type 6 from 0:fffffffe: 0 13 0 0
  t=0.244 qrtr type 6 from 0:fffffffe: 0 14 0 0
  t=0.248 glink modem OPEN "modem_apps" rcid 4
  t=0.250 glink modem OPEN "LOOPBACK_CTL_MPSS" rcid 5
  pd-mapper: "avs/audio" -> 0 domain(s)
  pd-mapper: "kernel/elf_loader" -> 1 domain(s)
  t=0.508 tftp WRQ server_check.txt seek 0 rsize 0 blk 7680 w 10
  t=0.514 tftp RRQ wlanmdsp.mbn seek 0 rsize 0 blk 7680 w 10 tsize
    -> tsize 3814776
  t=0.514 glink modem OPEN "DS" rcid 6
  t=0.514 glink modem OPEN "DATA1" rcid 7
  t=0.514 glink modem OPEN "DATA2" rcid 8
  t=0.514 glink modem OPEN "DATA3" rcid 9
  t=0.514 glink modem OPEN "DATA4" rcid 10
  t=0.514 glink modem OPEN "DATA11" rcid 11
    t=0.516 sess 4101: modem ERROR 9 "End of Transfer" after 0 B
  t=0.516 tftp RRQ wlanmdsp.mbn seek 0 rsize 0 blk 7680 w 10 tsize
    -> tsize 3814776
    t=0.518 sess 4102: modem ERROR 9 "End of Transfer" after 0 B
  t=0.518 tftp RRQ wlanmdsp.mbn seek 0 rsize 3814776 blk 7680 w 10
    t=0.520 sess 4103 ack 0 (0 B sent)
  t=0.520 no modem intent for 7716 bytes, requesting (shown once)
    t=0.566 sess 4103 ack 50 (384000 B sent)
    t=0.610 sess 4103 ack 100 (768000 B sent)
    t=0.657 sess 4103 ack 150 (1152000 B sent)
    t=0.701 sess 4103 ack 200 (1536000 B sent)
    t=0.747 sess 4103 ack 250 (1920000 B sent)
    t=0.791 sess 4103 ack 300 (2304000 B sent)
    t=0.837 sess 4103 ack 350 (2688000 B sent)
    t=0.881 sess 4103 ack 400 (3072000 B sent)
    t=0.927 sess 4103 ack 450 (3456000 B sent)
    sess 4103 done: 3814776 B
  t=1.064 *** WLFW service 0x45 up: inst 1 node 0 port 48 ***
  wlfw: ind_register ok err 0, fw_status 0
  wlfw: host_cap ok err 0
  wlfw: msa_info ok err 0
  wlfw: 2 MSA region(s)
   region 0: 51900000 + 10000 secure 1
  SCM assign 51900000+10000 -> 2 vmids: ret=fffffffffffffffe res=56
   region 1: 51910000 + f0000 secure 0
  SCM assign 51910000+f0000 -> 3 vmids: ret=fffffffffffffffe res=56
  wlfw: MSA_READY indication
  wlfw: msa_ready ok err 0
  wlfw: cap ok err 0
  wlfw: chip_id 4130 family 4007
  wlfw: board_id ff
  wlfw: soc_id 40690000
  wlfw: fw_version 32497fff built 2024-01-18 04:57
  wlfw: fw_build_id QC_IMAGE_VERSION_STRING=WLAN.HL.3.2.4-01083.3-QCAHLSWMTPLZ-1.47019.3.56296.4
  wlfw: board data \image\bdwlan.bin, 26328 bytes
  wlfw: board data sent in 5 segment(s)
  wlfw: cal_report ok err 0, waiting for FW_READY
  t=2.277 tftp RRQ lctoem.tmp seek 0 rsize 0 blk 7680 w 10 tsize
    -> not found
  t=2.280 tftp WRQ lctoem.tmp seek 0 rsize 0 blk 7680 w 10
  t=2.284 tftp RRQ lctoem.tmp seek 0 rsize 0 blk 7680 w 10 tsize
    -> not found
  t=4.301 *** WLAN FIRMWARE READY ***
  smmu: sCR0 00210406 (CLIENTPD 0 USFCFG 1) ID0 4c017e32 ID1 50000030 ID2 00005111: 50 SMRs, 48 CBs, page 1000 x64
  smmu: WLAN stream 1a0: no match, USFCFG=1 -> FAULT
  wlfw: wlan_cfg ok err 0
  t=4.627 wlfw: wlan_mode mission ok err 0
  ce wrapper: 00000000 00000000 00000000 deadc0de
  ce0: sr 00000000/0 dr 51948300/20 ctrl1 00000080 idx s 0/0 d 1/0
  ce1: sr 51945c00/20 dr 00000000/0 ctrl1 00000800 idx s 0/0 d 0/0
  ce2: sr 51945380/40 dr 00000000/0 ctrl1 00000800 idx s 1/0 d 0/0
  ce3: sr 00000000/0 dr 519457c0/20 ctrl1 00000080 idx s 0/0 d 0/0
  ce4: sr 00000000/0 dr 51945e40/100 ctrl1 00000080 idx s 0/0 d 0/0
  ce5: sr 00000000/0 dr 00000000/0 ctrl1 00000080 idx s 0/0 d 0/0
  ce6: sr 5193de40/20 dr 5193e080/20 ctrl1 00004000 idx s 0/0 d 0/0
  ce7: sr 00000000/0 dr 00000000/0 ctrl1 00000080 idx s 0/0 d 0/0
  ce8: sr 00000000/0 dr 00000000/0 ctrl1 00000080 idx s 0/0 d 0/0
  ce9: sr 51947e80/20 dr 00000000/0 ctrl1 00000800 idx s 0/0 d 0/0
  ce10: sr 519480c0/20 dr 00000000/0 ctrl1 00000800 idx s 0/0 d 0/0
  ce11: sr 5193e4c0/20 dr 00000000/0 ctrl1 00000800 idx s 0/0 d 0/0
  t=10.269 tftp RRQ mcfg.tmp seek 0 rsize 0 blk 7680 w 10 tsize
    -> not found
  t=10.272 tftp WRQ mcfg.tmp seek 0 rsize 0 blk 7680 w 10
  t=10.276 tftp RRQ mcfg.tmp seek 0 rsize 0 blk 7680 w 10 tsize
    -> not found
  t=10.278 tftp RRQ mbn_hw.dig seek 0 rsize 0 blk 7680 w 10 tsize
    -> tsize 32
    t=10.326 sess 410a: modem ERROR 9 "End of Transfer" after 0 B
  t=10.326 tftp RRQ mbn_hw.dig seek 0 rsize 32 blk 7680 w 10
    sess 410b done: 32 B
  t=10.330 tftp RRQ mbn_sw.dig seek 0 rsize 0 blk 7680 w 10 tsize
    -> tsize 32
    t=10.376 sess 410c: modem ERROR 9 "End of Transfer" after 0 B
  t=10.376 tftp RRQ mbn_sw.dig seek 0 rsize 32 blk 7680 w 10
    sess 410d done: 32 B
  t=30.001 status: slave-kernel 00000006, glink rx 1770 tx 1507, 44 services, WLFW: WLAN ON (mission)
  t=60.002 status: slave-kernel 00000006, glink rx 1770 tx 1507, 44 services, WLFW: WLAN ON (mission)
